###############################################################################
#
# IAR ELF Linker V8.40.1.212/W32 for ARM                  10/Apr/2022  21:40:03
# Copyright 2007-2019 IAR Systems AB.
#
#    Output file  =
#        C:\Users\wndks\Documents\OUT_Ansung\SYSTEM_MENHOLL_103C8T
#        (2)\EWARM\SYSTEM_MENHOLL_103C8T\Exe\SYSTEM_MENHOLL_103C8T.out
#    Map file     =
#        C:\Users\wndks\Documents\OUT_Ansung\SYSTEM_MENHOLL_103C8T
#        (2)\EWARM\SYSTEM_MENHOLL_103C8T\List\SYSTEM_MENHOLL_103C8T.map
#    Command line =
#        -f C:\Users\wndks\AppData\Local\Temp\EWCAC6.tmp
#        ("C:\Users\wndks\Documents\OUT_Ansung\SYSTEM_MENHOLL_103C8T
#        (2)\EWARM\SYSTEM_MENHOLL_103C8T\Obj\adc.o"
#        "C:\Users\wndks\Documents\OUT_Ansung\SYSTEM_MENHOLL_103C8T
#        (2)\EWARM\SYSTEM_MENHOLL_103C8T\Obj\device_staus.o"
#        "C:\Users\wndks\Documents\OUT_Ansung\SYSTEM_MENHOLL_103C8T
#        (2)\EWARM\SYSTEM_MENHOLL_103C8T\Obj\eco_sensor.o"
#        "C:\Users\wndks\Documents\OUT_Ansung\SYSTEM_MENHOLL_103C8T
#        (2)\EWARM\SYSTEM_MENHOLL_103C8T\Obj\gpio.o"
#        "C:\Users\wndks\Documents\OUT_Ansung\SYSTEM_MENHOLL_103C8T
#        (2)\EWARM\SYSTEM_MENHOLL_103C8T\Obj\gps.o"
#        "C:\Users\wndks\Documents\OUT_Ansung\SYSTEM_MENHOLL_103C8T
#        (2)\EWARM\SYSTEM_MENHOLL_103C8T\Obj\i2c.o"
#        "C:\Users\wndks\Documents\OUT_Ansung\SYSTEM_MENHOLL_103C8T
#        (2)\EWARM\SYSTEM_MENHOLL_103C8T\Obj\main.o"
#        "C:\Users\wndks\Documents\OUT_Ansung\SYSTEM_MENHOLL_103C8T
#        (2)\EWARM\SYSTEM_MENHOLL_103C8T\Obj\spi.o"
#        "C:\Users\wndks\Documents\OUT_Ansung\SYSTEM_MENHOLL_103C8T
#        (2)\EWARM\SYSTEM_MENHOLL_103C8T\Obj\startup_stm32f103xb.o"
#        "C:\Users\wndks\Documents\OUT_Ansung\SYSTEM_MENHOLL_103C8T
#        (2)\EWARM\SYSTEM_MENHOLL_103C8T\Obj\stm32f1xx_hal.o"
#        "C:\Users\wndks\Documents\OUT_Ansung\SYSTEM_MENHOLL_103C8T
#        (2)\EWARM\SYSTEM_MENHOLL_103C8T\Obj\stm32f1xx_hal_adc.o"
#        "C:\Users\wndks\Documents\OUT_Ansung\SYSTEM_MENHOLL_103C8T
#        (2)\EWARM\SYSTEM_MENHOLL_103C8T\Obj\stm32f1xx_hal_adc_ex.o"
#        "C:\Users\wndks\Documents\OUT_Ansung\SYSTEM_MENHOLL_103C8T
#        (2)\EWARM\SYSTEM_MENHOLL_103C8T\Obj\stm32f1xx_hal_cortex.o"
#        "C:\Users\wndks\Documents\OUT_Ansung\SYSTEM_MENHOLL_103C8T
#        (2)\EWARM\SYSTEM_MENHOLL_103C8T\Obj\stm32f1xx_hal_dma.o"
#        "C:\Users\wndks\Documents\OUT_Ansung\SYSTEM_MENHOLL_103C8T
#        (2)\EWARM\SYSTEM_MENHOLL_103C8T\Obj\stm32f1xx_hal_exti.o"
#        "C:\Users\wndks\Documents\OUT_Ansung\SYSTEM_MENHOLL_103C8T
#        (2)\EWARM\SYSTEM_MENHOLL_103C8T\Obj\stm32f1xx_hal_flash.o"
#        "C:\Users\wndks\Documents\OUT_Ansung\SYSTEM_MENHOLL_103C8T
#        (2)\EWARM\SYSTEM_MENHOLL_103C8T\Obj\stm32f1xx_hal_flash_ex.o"
#        "C:\Users\wndks\Documents\OUT_Ansung\SYSTEM_MENHOLL_103C8T
#        (2)\EWARM\SYSTEM_MENHOLL_103C8T\Obj\stm32f1xx_hal_gpio.o"
#        "C:\Users\wndks\Documents\OUT_Ansung\SYSTEM_MENHOLL_103C8T
#        (2)\EWARM\SYSTEM_MENHOLL_103C8T\Obj\stm32f1xx_hal_gpio_ex.o"
#        "C:\Users\wndks\Documents\OUT_Ansung\SYSTEM_MENHOLL_103C8T
#        (2)\EWARM\SYSTEM_MENHOLL_103C8T\Obj\stm32f1xx_hal_i2c.o"
#        "C:\Users\wndks\Documents\OUT_Ansung\SYSTEM_MENHOLL_103C8T
#        (2)\EWARM\SYSTEM_MENHOLL_103C8T\Obj\stm32f1xx_hal_msp.o"
#        "C:\Users\wndks\Documents\OUT_Ansung\SYSTEM_MENHOLL_103C8T
#        (2)\EWARM\SYSTEM_MENHOLL_103C8T\Obj\stm32f1xx_hal_pwr.o"
#        "C:\Users\wndks\Documents\OUT_Ansung\SYSTEM_MENHOLL_103C8T
#        (2)\EWARM\SYSTEM_MENHOLL_103C8T\Obj\stm32f1xx_hal_rcc.o"
#        "C:\Users\wndks\Documents\OUT_Ansung\SYSTEM_MENHOLL_103C8T
#        (2)\EWARM\SYSTEM_MENHOLL_103C8T\Obj\stm32f1xx_hal_rcc_ex.o"
#        "C:\Users\wndks\Documents\OUT_Ansung\SYSTEM_MENHOLL_103C8T
#        (2)\EWARM\SYSTEM_MENHOLL_103C8T\Obj\stm32f1xx_hal_spi.o"
#        "C:\Users\wndks\Documents\OUT_Ansung\SYSTEM_MENHOLL_103C8T
#        (2)\EWARM\SYSTEM_MENHOLL_103C8T\Obj\stm32f1xx_hal_tim.o"
#        "C:\Users\wndks\Documents\OUT_Ansung\SYSTEM_MENHOLL_103C8T
#        (2)\EWARM\SYSTEM_MENHOLL_103C8T\Obj\stm32f1xx_hal_tim_ex.o"
#        "C:\Users\wndks\Documents\OUT_Ansung\SYSTEM_MENHOLL_103C8T
#        (2)\EWARM\SYSTEM_MENHOLL_103C8T\Obj\stm32f1xx_hal_uart.o"
#        "C:\Users\wndks\Documents\OUT_Ansung\SYSTEM_MENHOLL_103C8T
#        (2)\EWARM\SYSTEM_MENHOLL_103C8T\Obj\stm32f1xx_it.o"
#        "C:\Users\wndks\Documents\OUT_Ansung\SYSTEM_MENHOLL_103C8T
#        (2)\EWARM\SYSTEM_MENHOLL_103C8T\Obj\sx1276.o"
#        "C:\Users\wndks\Documents\OUT_Ansung\SYSTEM_MENHOLL_103C8T
#        (2)\EWARM\SYSTEM_MENHOLL_103C8T\Obj\system_stm32f1xx.o"
#        "C:\Users\wndks\Documents\OUT_Ansung\SYSTEM_MENHOLL_103C8T
#        (2)\EWARM\SYSTEM_MENHOLL_103C8T\Obj\usart.o" --no_out_extension -o
#        "C:\Users\wndks\Documents\OUT_Ansung\SYSTEM_MENHOLL_103C8T
#        (2)\EWARM\SYSTEM_MENHOLL_103C8T\Exe\SYSTEM_MENHOLL_103C8T.out"
#        --redirect _Printf=_PrintfFullNoMb --redirect _Scanf=_ScanfFullNoMb
#        --map "C:\Users\wndks\Documents\OUT_Ansung\SYSTEM_MENHOLL_103C8T
#        (2)\EWARM\SYSTEM_MENHOLL_103C8T\List\SYSTEM_MENHOLL_103C8T.map"
#        --config "C:\Users\wndks\Documents\OUT_Ansung\SYSTEM_MENHOLL_103C8T
#        (2)\EWARM/stm32f103xb_flash.icf" --semihosting --entry
#        __iar_program_start --vfe --text_out locale)
#
###############################################################################

*******************************************************************************
*** RUNTIME MODEL ATTRIBUTES
***

CppFlavor       = *
__SystemLibrary = DLib
__dlib_version  = 6


*******************************************************************************
*** HEAP SELECTION
***

The basic heap was selected because no calls to memory allocation
functions were found in the application outside of system library
functions, and there are calls to deallocation functions in the
application.


*******************************************************************************
*** PLACEMENT SUMMARY
***

"A0":  place at address 0x800'0000 { ro section .intvec };
"P1":  place in [from 0x800'0000 to 0x801'ffff] { ro };
define block CSTACK with size = 1K, alignment = 8 { };
define block HEAP with size = 512, alignment = 8 { };
"P2":  place in [from 0x2000'0000 to 0x2000'4fff] {
          rw, block CSTACK, block HEAP };
initialize by copy { rw };

  Section            Kind         Address    Size  Object
  -------            ----         -------    ----  ------
"A0":                                        0xec
  .intvec            ro code   0x800'0000    0xec  startup_stm32f103xb.o [1]
                             - 0x800'00ec    0xec

"P1":                                      0x6d04
  .text              ro code   0x800'00ec   0xfc6  xprintffull_nomb.o [2]
  .text              ro code   0x800'10b2    0x3a  zero_init3.o [4]
  .text              ro code   0x800'10ec    0x16  strchr.o [4]
  .text              ro code   0x800'1102     0xa  xsprout.o [2]
  .text              ro code   0x800'110c    0x40  xfail_s.o [2]
  .text              ro code   0x800'114c    0x36  strlen.o [4]
  .rodata            const     0x800'1182     0x2  xlocale_c.o [2]
  .text              ro code   0x800'1184    0x58  memchr.o [4]
  .text              ro code   0x800'11dc    0xa6  ABImemcpy.o [4]
  .rodata            const     0x800'1282     0x1  xlocale_c.o [2]
  .text              ro code   0x800'1284    0x70  frexp.o [3]
  .text              ro code   0x800'12f4    0x2e  DblCmpLe.o [3]
  .text              ro code   0x800'1324    0x2e  DblCmpGe.o [3]
  .text              ro code   0x800'1354   0x13a  ldexp.o [3]
  .text              ro code   0x800'1490    0x3a  DblToS32.o [3]
  .text              ro code   0x800'14cc    0x22  S32ToDbl.o [3]
  .text              ro code   0x800'14f0    0xe2  DblSub.o [3]
  .text              ro code   0x800'15d4   0x246  DblDiv.o [3]
  .text              ro code   0x800'181c    0x28  DblToU32.o [3]
  .text              ro code   0x800'1844    0x1a  U32ToDbl.o [3]
  .text              ro code   0x800'1860   0x1a2  DblMul.o [3]
  .text              ro code   0x800'1a04     0x8  xlocale_c.o [2]
  .text              ro code   0x800'1a0c   0x106  I64DivMod_small.o [4]
  .text              ro code   0x800'1b12     0x6  abort.o [2]
  .text              ro code   0x800'1b18   0x17a  DblAdd.o [3]
  .text              ro code   0x800'1c94     0x2  I64DivZer.o [4]
  .text              ro code   0x800'1c98    0x14  exit.o [5]
  .text              ro code   0x800'1cac   0x92e  stm32f1xx_hal_i2c.o [1]
  .text              ro code   0x800'25dc    0xb0  i2c.o [1]
  .text              ro code   0x800'268c   0x4be  stm32f1xx_hal_rcc.o [1]
  .text              ro code   0x800'2b4c     0xc  stm32f1xx_hal.o [1]
  .text              ro code   0x800'2b58   0x180  main.o [1]
  .text              ro code   0x800'2cd8    0x14  memset.o [4]
  .text              ro code   0x800'2cec   0x1d8  stm32f1xx_hal_gpio.o [1]
  .text              ro code   0x800'2ec4    0x40  stm32f1xx_hal.o [1]
  .text              ro code   0x800'2f04    0x24  stm32f1xx_hal.o [1]
  .text              ro code   0x800'2f28    0xca  gpio.o [1]
  .text              ro code   0x800'2ff4    0xb8  spi.o [1]
  .text              ro code   0x800'30ac    0xb0  adc.o [1]
  .text              ro code   0x800'315c    0xba  usart.o [1]
  .text              ro code   0x800'3218    0x18  gps.o [1]
  .text              ro code   0x800'3230    0x28  stm32f1xx_hal.o [1]
  .text              ro code   0x800'3258   0x4f8  eco_sensor.o [1]
  .text              ro code   0x800'3750   0x484  sx1276.o [1]
  .text              ro code   0x800'3bd4     0x6  ABImemclr4.o [4]
  .text              ro code   0x800'3bdc   0x1b2  stm32f1xx_hal_rcc_ex.o [1]
  .text              ro code   0x800'3d90   0x128  device_staus.o [1]
  .text              ro code   0x800'3eb8    0x66  ABImemset.o [4]
  .text              ro code   0x800'3f20    0xc4  stm32f1xx_hal_cortex.o [1]
  .text              ro code   0x800'3fe4    0x44  stm32f1xx_hal_msp.o [1]
  .text              ro code   0x800'4028   0x4ec  stm32f1xx_hal_spi.o [1]
  .text              ro code   0x800'4514   0x534  stm32f1xx_hal_adc.o [1]
  .text              ro code   0x800'4a48   0x470  stm32f1xx_hal_uart.o [1]
  .text              ro code   0x800'4eb8    0x2a  FltToS32.o [3]
  .text              ro code   0x800'4ee4    0x24  FltCmpGe.o [3]
  .text              ro code   0x800'4f08    0x1c  FltCmpEq.o [3]
  .text              ro code   0x800'4f24    0x48  FltToDbl.o [3]
  .text              ro code   0x800'4f6c   0x360  logx64.o [3]
  .text              ro code   0x800'52cc   0x758  pow64.o [3]
  .text              ro code   0x800'5a24    0x68  DblToFlt.o [3]
  .text              ro code   0x800'5a8c   0x4bc  qsort.o [2]
  .text              ro code   0x800'5f48    0xfc  FltDiv.o [3]
  .text              ro code   0x800'6044    0x40  sprintf.o [2]
  .text              ro code   0x800'6084    0x32  ABImemset48.o [4]
  .text              ro code   0x800'60b8   0x108  stm32f1xx_hal_dma.o [1]
  .text              ro code   0x800'61c0     0x2  stm32f1xx_hal_uart.o [1]
  .text              ro code   0x800'61c2     0x2  stm32f1xx_hal_uart.o [1]
  .text              ro code   0x800'61c4     0x2  stm32f1xx_hal_uart.o [1]
  .text              ro code   0x800'61c8    0x20  DblCmpEq.o [3]
  .text              ro code   0x800'61e8   0x374  iar_Exp64.o [3]
  .text              ro code   0x800'655c    0x96  ABImemmove.o [4]
  .rodata            const     0x800'65f8   0x420  pow64.o [3]
  .text              ro code   0x800'6a18    0x78  lz77_init_single.o [4]
  .text              ro code   0x800'6a90    0x28  data_init.o [4]
  .iar.init_table    const     0x800'6ab8    0x20  - Linker created -
  .text              ro code   0x800'6ad8    0x20  stm32f1xx_it.o [1]
  .text              ro code   0x800'6af8    0x10  stm32f1xx_hal.o [1]
  .text              ro code   0x800'6b08    0x1e  cmain.o [4]
  .text              ro code   0x800'6b26     0x4  low_level_init.o [2]
  .text              ro code   0x800'6b2a     0x4  exit.o [2]
  .text              ro code   0x800'6b30     0xa  cexit.o [4]
  .text              ro code   0x800'6b3c    0x14  system_stm32f1xx.o [1]
  .text              ro code   0x800'6b50    0x10  startup_stm32f103xb.o [1]
  .text              ro code   0x800'6b60     0xc  cstartup_M.o [4]
  .rodata            const     0x800'6b6c     0x8  system_stm32f1xx.o [1]
  .rodata            const     0x800'6b74     0x8  xprintffull_nomb.o [2]
  .text              ro code   0x800'6b7c     0x4  startup_stm32f103xb.o [1]
  .text              ro code   0x800'6b80     0x4  startup_stm32f103xb.o [1]
  .text              ro code   0x800'6b84     0x4  startup_stm32f103xb.o [1]
  .text              ro code   0x800'6b88     0x4  startup_stm32f103xb.o [1]
  .text              ro code   0x800'6b8c     0x4  startup_stm32f103xb.o [1]
  .text              ro code   0x800'6b90     0x4  startup_stm32f103xb.o [1]
  .text              ro code   0x800'6b94     0x4  startup_stm32f103xb.o [1]
  .text              ro code   0x800'6b98     0x4  startup_stm32f103xb.o [1]
  .text              ro code   0x800'6b9c     0x4  startup_stm32f103xb.o [1]
  .text              ro code   0x800'6ba0     0x4  startup_stm32f103xb.o [1]
  .text              ro code   0x800'6ba4     0x4  startup_stm32f103xb.o [1]
  .text              ro code   0x800'6ba8     0x4  startup_stm32f103xb.o [1]
  .text              ro code   0x800'6bac     0x4  startup_stm32f103xb.o [1]
  .text              ro code   0x800'6bb0     0x4  startup_stm32f103xb.o [1]
  .text              ro code   0x800'6bb4     0x4  startup_stm32f103xb.o [1]
  .text              ro code   0x800'6bb8     0x4  startup_stm32f103xb.o [1]
  .text              ro code   0x800'6bbc     0x4  startup_stm32f103xb.o [1]
  .text              ro code   0x800'6bc0     0x4  startup_stm32f103xb.o [1]
  .text              ro code   0x800'6bc4     0x4  startup_stm32f103xb.o [1]
  .text              ro code   0x800'6bc8     0x4  startup_stm32f103xb.o [1]
  .text              ro code   0x800'6bcc     0x4  startup_stm32f103xb.o [1]
  .text              ro code   0x800'6bd0     0x4  startup_stm32f103xb.o [1]
  .text              ro code   0x800'6bd4     0x4  startup_stm32f103xb.o [1]
  .text              ro code   0x800'6bd8     0x4  startup_stm32f103xb.o [1]
  .text              ro code   0x800'6bdc     0x4  startup_stm32f103xb.o [1]
  .text              ro code   0x800'6be0     0x4  startup_stm32f103xb.o [1]
  .text              ro code   0x800'6be4     0x4  startup_stm32f103xb.o [1]
  .text              ro code   0x800'6be8     0x4  startup_stm32f103xb.o [1]
  .text              ro code   0x800'6bec     0x4  startup_stm32f103xb.o [1]
  .text              ro code   0x800'6bf0     0x4  startup_stm32f103xb.o [1]
  .text              ro code   0x800'6bf4     0x4  startup_stm32f103xb.o [1]
  .text              ro code   0x800'6bf8     0x4  startup_stm32f103xb.o [1]
  .text              ro code   0x800'6bfc     0x4  startup_stm32f103xb.o [1]
  .text              ro code   0x800'6c00     0x4  startup_stm32f103xb.o [1]
  .text              ro code   0x800'6c04     0x4  startup_stm32f103xb.o [1]
  .text              ro code   0x800'6c08     0x4  startup_stm32f103xb.o [1]
  .text              ro code   0x800'6c0c     0x4  startup_stm32f103xb.o [1]
  .text              ro code   0x800'6c10     0x4  startup_stm32f103xb.o [1]
  .text              ro code   0x800'6c14     0x4  startup_stm32f103xb.o [1]
  .text              ro code   0x800'6c18     0x4  startup_stm32f103xb.o [1]
  .text              ro code   0x800'6c1c     0x4  startup_stm32f103xb.o [1]
  .text              ro code   0x800'6c20     0x4  startup_stm32f103xb.o [1]
  .rodata            const     0x800'6c24     0x0  zero_init3.o [4]
  .rodata            const     0x800'6c24     0x0  lz77_init_single.o [4]
  Initializer bytes  const     0x800'6c24   0x1cc  <for P2-1>
                             - 0x800'6df0  0x6d04

"P2", part 1 of 3:                          0x280
  P2-1                        0x2000'0000   0x280  <Init block>
    .data            inited   0x2000'0000    0xd0  eco_sensor.o [1]
    .data            inited   0x2000'00d0     0xc  stm32f1xx_hal.o [1]
    .data            inited   0x2000'00dc   0x168  sx1276.o [1]
    .data            inited   0x2000'0244     0x4  system_stm32f1xx.o [1]
    .data            inited   0x2000'0248    0x38  xlocale_c.o [2]
                            - 0x2000'0280   0x280

"P2", part 2 of 3:                          0x1b8
  .bss               zero     0x2000'0280    0x84  gps.o [1]
  .bss               zero     0x2000'0304    0x58  spi.o [1]
  .bss               zero     0x2000'035c    0x54  i2c.o [1]
  .bss               zero     0x2000'03b0    0x44  usart.o [1]
  .bss               zero     0x2000'03f4    0x30  adc.o [1]
  .bss               zero     0x2000'0424     0x8  main.o [1]
  .bss               zero     0x2000'042c     0x5  device_staus.o [1]
  .bss               zero     0x2000'0434     0x4  xfail_s.o [2]
                            - 0x2000'0438   0x1b8

"P2", part 3 of 3:                          0x400
  CSTACK                      0x2000'0438   0x400  <Block>
    CSTACK           uninit   0x2000'0438   0x400  <Block tail>
                            - 0x2000'0838   0x400

Unused ranges:

         From           To      Size
         ----           --      ----
   0x800'6df0   0x801'ffff  0x1'9210
  0x2000'0838  0x2000'4fff    0x47c8


*******************************************************************************
*** INIT TABLE
***

          Address      Size
          -------      ----
Zero (__iar_zero_init3)
    1 destination range, total size 0x1b8:
          0x2000'0280  0x1b8

Copy/lz77 (__iar_lz77_init_single3)
    1 source range, total size 0x1cc (71% of destination):
           0x800'6c24  0x1cc
    1 destination range, total size 0x280:
          0x2000'0000  0x280



*******************************************************************************
*** MODULE SUMMARY
***

    Module                  ro code  ro data  rw data
    ------                  -------  -------  -------
command line/config:
    -------------------------------------------------
    Total:

C:\Users\wndks\Documents\OUT_Ansung\SYSTEM_MENHOLL_103C8T (2)\EWARM\SYSTEM_MENHOLL_103C8T\Obj: [1]
    adc.o                       176                48
    device_staus.o              296                 5
    eco_sensor.o              1'272      149      208
    gpio.o                      202
    gps.o                        24               132
    i2c.o                       176                84
    main.o                      384                 8
    spi.o                       184                88
    startup_stm32f103xb.o       420
    stm32f1xx_hal.o             168        9       12
    stm32f1xx_hal_adc.o       1'332
    stm32f1xx_hal_cortex.o      196
    stm32f1xx_hal_dma.o         264
    stm32f1xx_hal_gpio.o        472
    stm32f1xx_hal_i2c.o       2'350
    stm32f1xx_hal_msp.o          68
    stm32f1xx_hal_rcc.o       1'214
    stm32f1xx_hal_rcc_ex.o      434
    stm32f1xx_hal_spi.o       1'260
    stm32f1xx_hal_uart.o      1'142
    stm32f1xx_it.o               32
    sx1276.o                  1'156      258      360
    system_stm32f1xx.o           20       11        4
    usart.o                     186                68
    -------------------------------------------------
    Total:                   13'428      427    1'017

dl7M_tlf.a: [2]
    abort.o                       6
    exit.o                        4
    low_level_init.o              4
    qsort.o                   1'212
    sprintf.o                    64
    xfail_s.o                    64                 4
    xlocale_c.o                   8       44       56
    xprintffull_nomb.o        4'038        8
    xsprout.o                    10
    -------------------------------------------------
    Total:                    5'410       52       60

m7M_tl.a: [3]
    DblAdd.o                    378
    DblCmpEq.o                   32
    DblCmpGe.o                   46
    DblCmpLe.o                   46
    DblDiv.o                    582
    DblMul.o                    418
    DblSub.o                    226
    DblToFlt.o                  104
    DblToS32.o                   58
    DblToU32.o                   40
    FltCmpEq.o                   28
    FltCmpGe.o                   36
    FltDiv.o                    252
    FltToDbl.o                   72
    FltToS32.o                   42
    S32ToDbl.o                   34
    U32ToDbl.o                   26
    frexp.o                     112
    iar_Exp64.o                 884
    ldexp.o                     314
    logx64.o                    864
    pow64.o                   1'880    1'056
    -------------------------------------------------
    Total:                    6'474    1'056

rt7M_tl.a: [4]
    ABImemclr4.o                  6
    ABImemcpy.o                 166
    ABImemmove.o                150
    ABImemset.o                 102
    ABImemset48.o                50
    I64DivMod_small.o           262
    I64DivZer.o                   2
    cexit.o                      10
    cmain.o                      30
    cstartup_M.o                 12
    data_init.o                  40
    lz77_init_single.o          120
    memchr.o                     88
    memset.o                     20
    strchr.o                     22
    strlen.o                     54
    zero_init3.o                 58
    -------------------------------------------------
    Total:                    1'192

shb_l.a: [5]
    exit.o                       20
    -------------------------------------------------
    Total:                       20

    Gaps                         47        6        3
    Linker created                        32    1'024
-----------------------------------------------------
    Grand Total:             26'571    1'573    2'104


*******************************************************************************
*** ENTRY LIST
***

Entry                       Address   Size  Type      Object
-----                       -------   ----  ----      ------
.iar.init_table$$Base    0x800'6ab8          --   Gb  - Linker created -
.iar.init_table$$Limit   0x800'6ad8          --   Gb  - Linker created -
?main                    0x800'6b09         Code  Gb  cmain.o [4]
ADC_ConversionStop_Disable
                         0x800'49f9   0x48  Code  Gb  stm32f1xx_hal_adc.o [1]
ADC_Enable               0x800'4951   0x6e  Code  Gb  stm32f1xx_hal_adc.o [1]
ADS1115_Init             0x800'3453   0x30  Code  Gb  eco_sensor.o [1]
ADS1115_Part_Read        0x800'34d7   0x1a  Code  Gb  eco_sensor.o [1]
ADS1115_Write            0x800'34a7   0x30  Code  Gb  eco_sensor.o [1]
AHBPrescTable            0x800'6b40   0x10  Data  Gb  system_stm32f1xx.o [1]
APBPrescTable            0x800'6b6c    0x8  Data  Gb  system_stm32f1xx.o [1]
Battery_Config           0x800'3d91   0x68  Code  Gb  device_staus.o [1]
BusFault_Handler         0x800'6adf    0x2  Code  Gb  stm32f1xx_it.o [1]
CSTACK$$Base            0x2000'0438          --   Gb  - Linker created -
CSTACK$$Limit           0x2000'0838          --   Gb  - Linker created -
DebugMon_Handler         0x800'6ae5    0x2  Code  Gb  stm32f1xx_it.o [1]
Eco_Config               0x800'3259  0x1f4  Code  Gb  eco_sensor.o [1]
Error_Handler            0x800'2cd5    0x4  Code  Gb  main.o [1]
GPS_Init                 0x800'3219    0x6  Code  Gb  gps.o [1]
Get_MQ_Sensor            0x800'35e7   0xaa  Code  Gb  eco_sensor.o [1]
HAL_ADC_ConfigChannel    0x800'4855   0xe4  Code  Gb  stm32f1xx_hal_adc.o [1]
HAL_ADC_GetValue         0x800'484f    0x6  Code  Gb  stm32f1xx_hal_adc.o [1]
HAL_ADC_Init             0x800'4515   0xf4  Code  Gb  stm32f1xx_hal_adc.o [1]
HAL_ADC_MspInit          0x800'30fb   0x52  Code  Gb  adc.o [1]
HAL_ADC_PollForConversion
                         0x800'4665  0x146  Code  Gb  stm32f1xx_hal_adc.o [1]
HAL_ADC_Start            0x800'4609   0x50  Code  Gb  stm32f1xx_hal_adc.o [1]
HAL_DMA_Abort            0x800'60b9   0x4a  Code  Gb  stm32f1xx_hal_dma.o [1]
HAL_DMA_Abort_IT         0x800'6103   0x94  Code  Gb  stm32f1xx_hal_dma.o [1]
HAL_Delay                0x800'3231   0x28  Code  Wk  stm32f1xx_hal.o [1]
HAL_GPIO_Init            0x800'2ced  0x180  Code  Gb  stm32f1xx_hal_gpio.o [1]
HAL_GPIO_ReadPin         0x800'2e6d    0xc  Code  Gb  stm32f1xx_hal_gpio.o [1]
HAL_GPIO_TogglePin       0x800'2e81   0x10  Code  Gb  stm32f1xx_hal_gpio.o [1]
HAL_GPIO_WritePin        0x800'2e79    0x8  Code  Gb  stm32f1xx_hal_gpio.o [1]
HAL_GetTick              0x800'2b4d    0xc  Code  Wk  stm32f1xx_hal.o [1]
HAL_I2C_Init             0x800'1cad  0x126  Code  Gb  stm32f1xx_hal_i2c.o [1]
HAL_I2C_Mem_Read         0x800'1f5d  0x19e  Code  Gb  stm32f1xx_hal_i2c.o [1]
HAL_I2C_Mem_Write        0x800'1e15   0xe0  Code  Gb  stm32f1xx_hal_i2c.o [1]
HAL_I2C_MspInit          0x800'260d   0x66  Code  Gb  i2c.o [1]
HAL_IncTick              0x800'6af9   0x10  Code  Wk  stm32f1xx_hal.o [1]
HAL_Init                 0x800'2f05   0x20  Code  Gb  stm32f1xx_hal.o [1]
HAL_InitTick             0x800'2ec5   0x40  Code  Wk  stm32f1xx_hal.o [1]
HAL_MspInit              0x800'3fe5   0x44  Code  Gb  stm32f1xx_hal_msp.o [1]
HAL_NVIC_EnableIRQ       0x800'3f8f   0x16  Code  Gb  stm32f1xx_hal_cortex.o [1]
HAL_NVIC_SetPriority     0x800'3f55   0x3a  Code  Gb  stm32f1xx_hal_cortex.o [1]
HAL_NVIC_SetPriorityGrouping
                         0x800'3f3b   0x1a  Code  Gb  stm32f1xx_hal_cortex.o [1]
HAL_RCCEx_GetPeriphCLKFreq
                         0x800'3cb9   0xac  Code  Gb  stm32f1xx_hal_rcc_ex.o [1]
HAL_RCCEx_GetPeriphCLKFreq::aPLLMULFactorTable
                         0x800'3d7c   0x10  Data  Lc  stm32f1xx_hal_rcc_ex.o [1]
HAL_RCCEx_GetPeriphCLKFreq::aPredivFactorTable
                         0x800'3d8c    0x2  Data  Lc  stm32f1xx_hal_rcc_ex.o [1]
HAL_RCCEx_PeriphCLKConfig
                         0x800'3bdd   0xda  Code  Gb  stm32f1xx_hal_rcc_ex.o [1]
HAL_RCC_ClockConfig      0x800'29a1   0xf4  Code  Gb  stm32f1xx_hal_rcc.o [1]
HAL_RCC_GetPCLK1Freq     0x800'2ae3   0x10  Code  Gb  stm32f1xx_hal_rcc.o [1]
HAL_RCC_GetPCLK2Freq     0x800'2af3    0xe  Code  Gb  stm32f1xx_hal_rcc.o [1]
HAL_RCC_GetSysClockFreq
                         0x800'2aa9   0x3a  Code  Gb  stm32f1xx_hal_rcc.o [1]
HAL_RCC_GetSysClockFreq::aPLLMULFactorTable
                         0x800'2b38   0x10  Data  Lc  stm32f1xx_hal_rcc.o [1]
HAL_RCC_GetSysClockFreq::aPredivFactorTable
                         0x800'2b48    0x2  Data  Lc  stm32f1xx_hal_rcc.o [1]
HAL_RCC_OscConfig        0x800'268d  0x30c  Code  Gb  stm32f1xx_hal_rcc.o [1]
HAL_SPI_GetState         0x800'4419    0x6  Code  Gb  stm32f1xx_hal_spi.o [1]
HAL_SPI_Init             0x800'4029   0xaa  Code  Gb  stm32f1xx_hal_spi.o [1]
HAL_SPI_MspInit          0x800'302f   0x6e  Code  Gb  spi.o [1]
HAL_SPI_Transmit         0x800'40d3  0x130  Code  Gb  stm32f1xx_hal_spi.o [1]
HAL_SPI_TransmitReceive
                         0x800'4225  0x1a4  Code  Gb  stm32f1xx_hal_spi.o [1]
HAL_SYSTICK_Config       0x800'3fa5   0x28  Code  Gb  stm32f1xx_hal_cortex.o [1]
HAL_UART_IRQHandler      0x800'4b07  0x200  Code  Gb  stm32f1xx_hal_uart.o [1]
HAL_UART_Init            0x800'4a49   0x1e  Code  Gb  stm32f1xx_hal_uart.o [1]
HAL_UART_MspInit         0x800'318b   0x7a  Code  Gb  usart.o [1]
HAL_UART_Receive_IT      0x800'4abf   0x30  Code  Gb  stm32f1xx_hal_uart.o [1]
HAL_UART_RxCpltCallback
                         0x800'3215    0x2  Code  Gb  usart.o [1]
HW_Reset                 0x800'3b6d   0x28  Code  Gb  sx1276.o [1]
HardFault_Handler        0x800'6adb    0x2  Code  Gb  stm32f1xx_it.o [1]
I2C_IsAcknowledgeFailed
                         0x800'25af   0x2c  Code  Lc  stm32f1xx_hal_i2c.o [1]
I2C_RequestMemoryRead    0x800'2301   0xb2  Code  Lc  stm32f1xx_hal_i2c.o [1]
I2C_RequestMemoryWrite   0x800'225b   0x88  Code  Lc  stm32f1xx_hal_i2c.o [1]
I2C_WaitOnBTFFlagUntilTimeout
                         0x800'251d   0x3a  Code  Lc  stm32f1xx_hal_i2c.o [1]
I2C_WaitOnFlagUntilTimeout
                         0x800'23f5   0x50  Code  Lc  stm32f1xx_hal_i2c.o [1]
I2C_WaitOnMasterAddressFlagUntilTimeout
                         0x800'2445   0x74  Code  Lc  stm32f1xx_hal_i2c.o [1]
I2C_WaitOnRXNEFlagUntilTimeout
                         0x800'2557   0x44  Code  Lc  stm32f1xx_hal_i2c.o [1]
I2C_WaitOnTXEFlagUntilTimeout
                         0x800'24c7   0x3a  Code  Lc  stm32f1xx_hal_i2c.o [1]
I2c_read                 0x800'34f3   0x38  Code  Gb  eco_sensor.o [1]
I2c_write                0x800'352b   0x32  Code  Gb  eco_sensor.o [1]
Lora_Send_Msg            0x800'3751   0x3a  Code  Gb  sx1276.o [1]
MQ135_ACETONE_gp        0x2000'00c8    0x8  Data  Gb  eco_sensor.o [1]
MQ135_ALCOHOL_gp        0x2000'0098    0x8  Data  Gb  eco_sensor.o [1]
MQ135_AMMONIA_gp        0x2000'00a8    0x8  Data  Gb  eco_sensor.o [1]
MQ135_CARBON_DIOXIDE_gp
                        0x2000'00b0    0x8  Data  Gb  eco_sensor.o [1]
MQ135_CARBON_MONOXIDE_gp
                        0x2000'00b8    0x8  Data  Gb  eco_sensor.o [1]
MQ135_CO2_gp            0x2000'00a0    0x8  Data  Gb  eco_sensor.o [1]
MQ135_TOLUENE_gp        0x2000'00c0    0x8  Data  Gb  eco_sensor.o [1]
MQ2_ALCOHOL_gp          0x2000'0088    0x8  Data  Gb  eco_sensor.o [1]
MQ2_CARBON_MONOXIDE_gp  0x2000'0080    0x8  Data  Gb  eco_sensor.o [1]
MQ2_CO_gp               0x2000'0070    0x8  Data  Gb  eco_sensor.o [1]
MQ2_H2_gp               0x2000'0068    0x8  Data  Gb  eco_sensor.o [1]
MQ2_LPG_gp              0x2000'0058    0x8  Data  Gb  eco_sensor.o [1]
MQ2_METHANE_gp          0x2000'0078    0x8  Data  Gb  eco_sensor.o [1]
MQ2_PROPANE_gp          0x2000'0060    0x8  Data  Gb  eco_sensor.o [1]
MQ2_SMOKE_gp            0x2000'0090    0x8  Data  Gb  eco_sensor.o [1]
MQ_ADC_Read              0x800'3483   0x24  Code  Gb  eco_sensor.o [1]
MX_ADC1_Init             0x800'30ad   0x4e  Code  Gb  adc.o [1]
MX_GPIO_Init             0x800'2f29   0xaa  Code  Gb  gpio.o [1]
MX_I2C1_Init             0x800'25dd   0x30  Code  Gb  i2c.o [1]
MX_SPI2_Init             0x800'2ff5   0x3a  Code  Gb  spi.o [1]
MX_USART2_UART_Init      0x800'315d   0x2e  Code  Gb  usart.o [1]
Main_config              0x800'2c41   0x7a  Code  Gb  main.o [1]
Main_config::standardTime
                        0x2000'0428    0x4  Data  Lc  main.o [1]
Main_config::step       0x2000'0424    0x1  Data  Lc  main.o [1]
MemManage_Handler        0x800'6add    0x2  Code  Gb  stm32f1xx_it.o [1]
Menholl_Open_Config      0x800'3df9   0x28  Code  Gb  device_staus.o [1]
NMI_Handler              0x800'6ad9    0x2  Code  Gb  stm32f1xx_it.o [1]
PendSV_Handler           0x800'6ae7    0x2  Code  Gb  stm32f1xx_it.o [1]
Pump_Active_Config       0x800'3e21   0x42  Code  Gb  device_staus.o [1]
Pump_Active_Config::sensor_past
                        0x2000'0430    0x1  Data  Lc  device_staus.o [1]
Region$$Table$$Base      0x800'6ab8          --   Gb  - Linker created -
Region$$Table$$Limit     0x800'6ad8          --   Gb  - Linker created -
SPI_EndRxTxTransaction   0x800'44eb   0x18  Code  Lc  stm32f1xx_hal_spi.o [1]
SPI_Read                 0x800'3793   0x46  Code  Gb  sx1276.o [1]
SPI_WaitFlagStateUntilTimeout
                         0x800'442b   0xb4  Code  Lc  stm32f1xx_hal_spi.o [1]
SPI_Write                0x800'37d9   0x3c  Code  Gb  sx1276.o [1]
SVC_Handler              0x800'6ae3    0x2  Code  Gb  stm32f1xx_it.o [1]
SX1276_BurstWrite        0x800'386b   0x58  Code  Gb  sx1276.o [1]
SX1276_Byte_Write        0x800'3869    0x2  Code  Gb  sx1276.o [1]
SX1276_Init              0x800'38fd  0x17e  Code  Gb  sx1276.o [1]
SX1276_RX_Entry          0x800'3ac3   0x38  Code  Gb  sx1276.o [1]
SX1276_Read              0x800'38cf   0x1a  Code  Gb  sx1276.o [1]
SX1276_Segment_Write     0x800'3839   0x30  Code  Gb  sx1276.o [1]
SX1276_TX_Entry          0x800'3a7b   0x48  Code  Gb  sx1276.o [1]
SX1276_TX_Packet         0x800'3b01   0x38  Code  Gb  sx1276.o [1]
Set_MQ_PPM               0x800'3565   0x60  Code  Gb  eco_sensor.o [1]
SysTick_Handler          0x800'6ae9    0x4  Code  Gb  stm32f1xx_it.o [1]
SystemClock_Config       0x800'2bbd   0x84  Code  Gb  main.o [1]
SystemCoreClock         0x2000'0244    0x4  Data  Gb  system_stm32f1xx.o [1]
SystemInit               0x800'6b3d    0x2  Code  Gb  system_stm32f1xx.o [1]
UART_DMAAbortOnError     0x800'4d79    0xc  Code  Lc  stm32f1xx_hal_uart.o [1]
UART_EndRxTransfer       0x800'4d49   0x30  Code  Lc  stm32f1xx_hal_uart.o [1]
UART_Receive_IT          0x800'4d85   0xb6  Code  Lc  stm32f1xx_hal_uart.o [1]
UART_SetConfig           0x800'4e3b   0x74  Code  Lc  stm32f1xx_hal_uart.o [1]
UART_Start_Receive_IT    0x800'4d13   0x36  Code  Gb  stm32f1xx_hal_uart.o [1]
USART2_IRQHandler        0x800'6aed    0x6  Code  Gb  stm32f1xx_it.o [1]
UsageFault_Handler       0x800'6ae1    0x2  Code  Gb  stm32f1xx_it.o [1]
_LitobFullNoMb           0x800'0ead  0x10a  Code  Lc  xprintffull_nomb.o [2]
_Locale_lconv           0x2000'0248   0x38  Data  Lc  xlocale_c.o [2]
_PrintfFullNoMb          0x800'00ed  0xd9c  Code  Gb  xprintffull_nomb.o [2]
_PutcharFullNoMb         0x800'101d   0x20  Code  Lc  xprintffull_nomb.o [2]
_PutcharsFullNoMb        0x800'103d   0x2e  Code  Lc  xprintffull_nomb.o [2]
_SProut                  0x800'1103    0xa  Code  Gb  xsprout.o [2]
__NVIC_SetPriority       0x800'3f21   0x1a  Code  Lc  stm32f1xx_hal_cortex.o [1]
__aeabi_cdcmpeq          0x800'61c9         Code  Gb  DblCmpEq.o [3]
__aeabi_cdcmple          0x800'12f5         Code  Gb  DblCmpLe.o [3]
__aeabi_cdrcmple         0x800'1325         Code  Gb  DblCmpGe.o [3]
__aeabi_cfcmpeq          0x800'4f09         Code  Gb  FltCmpEq.o [3]
__aeabi_cfrcmple         0x800'4ee5         Code  Gb  FltCmpGe.o [3]
__aeabi_d2f              0x800'5a25         Code  Gb  DblToFlt.o [3]
__aeabi_d2iz             0x800'1491         Code  Gb  DblToS32.o [3]
__aeabi_d2uiz            0x800'181d         Code  Gb  DblToU32.o [3]
__aeabi_dadd             0x800'1b19         Code  Gb  DblAdd.o [3]
__aeabi_ddiv             0x800'15d5         Code  Gb  DblDiv.o [3]
__aeabi_dmul             0x800'1861         Code  Gb  DblMul.o [3]
__aeabi_dsub             0x800'14f1         Code  Gb  DblSub.o [3]
__aeabi_f2d              0x800'4f25         Code  Gb  FltToDbl.o [3]
__aeabi_f2iz             0x800'4eb9         Code  Gb  FltToS32.o [3]
__aeabi_fdiv             0x800'5f49         Code  Gb  FltDiv.o [3]
__aeabi_i2d              0x800'14cd         Code  Gb  S32ToDbl.o [3]
__aeabi_ldiv0            0x800'1c95         Code  Gb  I64DivZer.o [4]
__aeabi_memclr4          0x800'3bd5         Code  Gb  ABImemclr4.o [4]
__aeabi_memcpy           0x800'11dd         Code  Gb  ABImemcpy.o [4]
__aeabi_memcpy4          0x800'11fd         Code  Gb  ABImemcpy.o [4]
__aeabi_memcpy8          0x800'11fd         Code  Gb  ABImemcpy.o [4]
__aeabi_memmove          0x800'655d         Code  Gb  ABImemmove.o [4]
__aeabi_memmove4         0x800'655d         Code  Gb  ABImemmove.o [4]
__aeabi_memmove8         0x800'655d         Code  Gb  ABImemmove.o [4]
__aeabi_memset           0x800'3eb9         Code  Gb  ABImemset.o [4]
__aeabi_ui2d             0x800'1845         Code  Gb  U32ToDbl.o [3]
__cmain                  0x800'6b09         Code  Gb  cmain.o [4]
__exit                   0x800'1c99   0x14  Code  Gb  exit.o [5]
__iar_Exp64              0x800'61e9  0x320  Code  Gb  iar_Exp64.o [3]
__iar_Fail_s             0x800'110d   0x1c  Code  Gb  xfail_s.o [2]
__iar_Log64              0x800'4f6d  0x2c0  Code  Lc  logx64.o [3]
__iar_Memchr             0x800'1185         Code  Gb  memchr.o [4]
__iar_Memset             0x800'3eb9         Code  Gb  ABImemset.o [4]
__iar_Memset4_word       0x800'6085         Code  Gb  ABImemset48.o [4]
__iar_Memset8_word       0x800'6085         Code  Gb  ABImemset48.o [4]
__iar_Memset_word        0x800'3ec1         Code  Gb  ABImemset.o [4]
__iar_Strchr             0x800'10ed         Code  Gb  strchr.o [4]
__iar_dadd               0x800'1501         Code  Gb  DblSub.o [3]
__iar_data_init3         0x800'6a91   0x28  Code  Gb  data_init.o [4]
__iar_dsub               0x800'1b29         Code  Gb  DblAdd.o [3]
__iar_dsubStart          0x800'1b3b         Code  Gb  DblAdd.o [3]
__iar_frexp              0x800'1291         Code  Gb  frexp.o [3]
__iar_frexp64            0x800'1285         Code  Gb  frexp.o [3]
__iar_frexpl             0x800'1291         Code  Gb  frexp.o [3]
__iar_ldexp64            0x800'1355         Code  Gb  ldexp.o [3]
__iar_log10_64           0x800'52c9    0x4  Code  Gb  logx64.o [3]
__iar_log10_medium       0x800'52c9    0x4  Code  Gb  logx64.o [3]
__iar_log10_medium64     0x800'52c9    0x4  Code  Gb  logx64.o [3]
__iar_log10_mediuml      0x800'52c9    0x4  Code  Gb  logx64.o [3]
__iar_lz77_init_single3
                         0x800'6a19   0x78  Code  Gb  lz77_init_single.o [4]
__iar_pow64              0x800'52cd  0x6d0  Code  Gb  pow64.o [3]
__iar_pow_medium         0x800'52cd  0x6d0  Code  Gb  pow64.o [3]
__iar_pow_medium64       0x800'52cd  0x6d0  Code  Gb  pow64.o [3]
__iar_pow_mediuml        0x800'52cd  0x6d0  Code  Gb  pow64.o [3]
__iar_program_start      0x800'6b61         Code  Gb  cstartup_M.o [4]
__iar_scalbln64          0x800'1355         Code  Gb  ldexp.o [3]
__iar_scalbn64           0x800'1355         Code  Gb  ldexp.o [3]
__iar_small_uldivmod     0x800'1a0d         Code  Gb  I64DivMod_small.o [4]
__iar_zero_init3         0x800'10b3   0x3a  Code  Gb  zero_init3.o [4]
__low_level_init         0x800'6b27    0x4  Code  Gb  low_level_init.o [2]
__vector_table           0x800'0000         Data  Gb  startup_stm32f103xb.o [1]
_call_main               0x800'6b15         Code  Gb  cmain.o [4]
_exit                    0x800'6b31         Code  Gb  cexit.o [4]
_main                    0x800'6b23         Code  Gb  cmain.o [4]
abort                    0x800'1b13    0x6  Code  Gb  abort.o [2]
adjust_heap              0x800'5beb   0x86  Code  Lc  qsort.o [2]
compare                  0x800'35cd   0x1a  Code  Gb  eco_sensor.o [1]
exit                     0x800'6b2b    0x4  Code  Gb  exit.o [2]
frexp                    0x800'1285         Code  Gb  frexp.o [3]
frexpl                   0x800'1285         Code  Gb  frexp.o [3]
hadc1                   0x2000'03f4   0x30  Data  Gb  adc.o [1]
hi2c1                   0x2000'035c   0x54  Data  Gb  i2c.o [1]
hspi2                   0x2000'0304   0x58  Data  Gb  spi.o [1]
huart2                  0x2000'03b0   0x44  Data  Gb  usart.o [1]
intro_sort               0x800'5c71  0x2c0  Code  Lc  qsort.o [2]
ldexp                    0x800'1355         Code  Gb  ldexp.o [3]
ldexpl                   0x800'1355         Code  Gb  ldexp.o [3]
lnbias                   0x800'65f8  0x420  Data  Lc  pow64.o [3]
localeconv               0x800'1a05    0x4  Code  Gb  xlocale_c.o [2]
log10                    0x800'52c9    0x4  Code  Gb  logx64.o [3]
log10l                   0x800'52c9    0x4  Code  Gb  logx64.o [3]
m_eco                   0x2000'0000   0x58  Data  Gb  eco_sensor.o [1]
m_status                0x2000'042c    0x4  Data  Gb  device_staus.o [1]
m_sx1276                0x2000'00dc  0x168  Data  Gb  sx1276.o [1]
main                     0x800'2b59   0x64  Code  Gb  main.o [1]
med3                     0x800'5b9b   0x50  Code  Lc  qsort.o [2]
memchr                   0x800'1185         Code  Gb  memchr.o [4]
memset                   0x800'2cd9   0x14  Code  Gb  memset.o [4]
pow                      0x800'52cd  0x6d0  Code  Gb  pow64.o [3]
powl                     0x800'52cd  0x6d0  Code  Gb  pow64.o [3]
qsort                    0x800'5f31   0x18  Code  Gb  qsort.o [2]
rot3                     0x800'5ae3   0x68  Code  Lc  qsort.o [2]
rotate                   0x800'5b51   0x4a  Code  Lc  qsort.o [2]
rx_buffer               0x2000'0284   0x80  Data  Gb  gps.o [1]
rx_data                 0x2000'0280    0x1  Data  Gb  gps.o [1]
rx_index                0x2000'0281    0x1  Data  Gb  gps.o [1]
scalbln                  0x800'1355         Code  Gb  ldexp.o [3]
scalblnl                 0x800'1355         Code  Gb  ldexp.o [3]
scalbn                   0x800'1355         Code  Gb  ldexp.o [3]
scalbnl                  0x800'1355         Code  Gb  ldexp.o [3]
scale                    0x800'0fb7   0x46  Code  Lc  xprintffull_nomb.o [2]
sec_hand                0x2000'0434    0x4  Data  Lc  xfail_s.o [2]
sprintf                  0x800'6045   0x40  Code  Gb  sprintf.o [2]
strchr                   0x800'10ed         Code  Gb  strchr.o [4]
strlen                   0x800'114d         Code  Gb  strlen.o [4]
swap                     0x800'5a8d   0x56  Code  Lc  qsort.o [2]
uwTick                  0x2000'00d4    0x4  Data  Gb  stm32f1xx_hal.o [1]
uwTickFreq              0x2000'00d0    0x1  Data  Gb  stm32f1xx_hal.o [1]
uwTickPrio              0x2000'00d8    0x4  Data  Gb  stm32f1xx_hal.o [1]


[1] = C:\Users\wndks\Documents\OUT_Ansung\SYSTEM_MENHOLL_103C8T (2)\EWARM\SYSTEM_MENHOLL_103C8T\Obj
[2] = dl7M_tlf.a
[3] = m7M_tl.a
[4] = rt7M_tl.a
[5] = shb_l.a

  26'571 bytes of readonly  code memory
   1'573 bytes of readonly  data memory
   2'104 bytes of readwrite data memory

Errors: none
Warnings: none
