###############################################################################
#
# IAR ELF Linker V8.40.1.212/W32 for ARM                  11/Apr/2022  22:12:06
# Copyright 2007-2019 IAR Systems AB.
#
#    Output file  =
#        C:\Users\wndks\Documents\OUT_Ansung\SYSTEM_MENHOLL_103C8T
#        (2)\EWARM\SYSTEM_MENHOLL_103C8T\Exe\SYSTEM_MENHOLL_103C8T.out
#    Map file     =
#        C:\Users\wndks\Documents\OUT_Ansung\SYSTEM_MENHOLL_103C8T
#        (2)\EWARM\SYSTEM_MENHOLL_103C8T\List\SYSTEM_MENHOLL_103C8T.map
#    Command line =
#        -f C:\Users\wndks\AppData\Local\Temp\EW7AF3.tmp
#        ("C:\Users\wndks\Documents\OUT_Ansung\SYSTEM_MENHOLL_103C8T
#        (2)\EWARM\SYSTEM_MENHOLL_103C8T\Obj\adc.o"
#        "C:\Users\wndks\Documents\OUT_Ansung\SYSTEM_MENHOLL_103C8T
#        (2)\EWARM\SYSTEM_MENHOLL_103C8T\Obj\device_staus.o"
#        "C:\Users\wndks\Documents\OUT_Ansung\SYSTEM_MENHOLL_103C8T
#        (2)\EWARM\SYSTEM_MENHOLL_103C8T\Obj\eco_sensor.o"
#        "C:\Users\wndks\Documents\OUT_Ansung\SYSTEM_MENHOLL_103C8T
#        (2)\EWARM\SYSTEM_MENHOLL_103C8T\Obj\gpio.o"
#        "C:\Users\wndks\Documents\OUT_Ansung\SYSTEM_MENHOLL_103C8T
#        (2)\EWARM\SYSTEM_MENHOLL_103C8T\Obj\gps.o"
#        "C:\Users\wndks\Documents\OUT_Ansung\SYSTEM_MENHOLL_103C8T
#        (2)\EWARM\SYSTEM_MENHOLL_103C8T\Obj\i2c.o"
#        "C:\Users\wndks\Documents\OUT_Ansung\SYSTEM_MENHOLL_103C8T
#        (2)\EWARM\SYSTEM_MENHOLL_103C8T\Obj\main.o"
#        "C:\Users\wndks\Documents\OUT_Ansung\SYSTEM_MENHOLL_103C8T
#        (2)\EWARM\SYSTEM_MENHOLL_103C8T\Obj\spi.o"
#        "C:\Users\wndks\Documents\OUT_Ansung\SYSTEM_MENHOLL_103C8T
#        (2)\EWARM\SYSTEM_MENHOLL_103C8T\Obj\startup_stm32f103xb.o"
#        "C:\Users\wndks\Documents\OUT_Ansung\SYSTEM_MENHOLL_103C8T
#        (2)\EWARM\SYSTEM_MENHOLL_103C8T\Obj\stm32f1xx_hal.o"
#        "C:\Users\wndks\Documents\OUT_Ansung\SYSTEM_MENHOLL_103C8T
#        (2)\EWARM\SYSTEM_MENHOLL_103C8T\Obj\stm32f1xx_hal_adc.o"
#        "C:\Users\wndks\Documents\OUT_Ansung\SYSTEM_MENHOLL_103C8T
#        (2)\EWARM\SYSTEM_MENHOLL_103C8T\Obj\stm32f1xx_hal_adc_ex.o"
#        "C:\Users\wndks\Documents\OUT_Ansung\SYSTEM_MENHOLL_103C8T
#        (2)\EWARM\SYSTEM_MENHOLL_103C8T\Obj\stm32f1xx_hal_cortex.o"
#        "C:\Users\wndks\Documents\OUT_Ansung\SYSTEM_MENHOLL_103C8T
#        (2)\EWARM\SYSTEM_MENHOLL_103C8T\Obj\stm32f1xx_hal_dma.o"
#        "C:\Users\wndks\Documents\OUT_Ansung\SYSTEM_MENHOLL_103C8T
#        (2)\EWARM\SYSTEM_MENHOLL_103C8T\Obj\stm32f1xx_hal_exti.o"
#        "C:\Users\wndks\Documents\OUT_Ansung\SYSTEM_MENHOLL_103C8T
#        (2)\EWARM\SYSTEM_MENHOLL_103C8T\Obj\stm32f1xx_hal_flash.o"
#        "C:\Users\wndks\Documents\OUT_Ansung\SYSTEM_MENHOLL_103C8T
#        (2)\EWARM\SYSTEM_MENHOLL_103C8T\Obj\stm32f1xx_hal_flash_ex.o"
#        "C:\Users\wndks\Documents\OUT_Ansung\SYSTEM_MENHOLL_103C8T
#        (2)\EWARM\SYSTEM_MENHOLL_103C8T\Obj\stm32f1xx_hal_gpio.o"
#        "C:\Users\wndks\Documents\OUT_Ansung\SYSTEM_MENHOLL_103C8T
#        (2)\EWARM\SYSTEM_MENHOLL_103C8T\Obj\stm32f1xx_hal_gpio_ex.o"
#        "C:\Users\wndks\Documents\OUT_Ansung\SYSTEM_MENHOLL_103C8T
#        (2)\EWARM\SYSTEM_MENHOLL_103C8T\Obj\stm32f1xx_hal_i2c.o"
#        "C:\Users\wndks\Documents\OUT_Ansung\SYSTEM_MENHOLL_103C8T
#        (2)\EWARM\SYSTEM_MENHOLL_103C8T\Obj\stm32f1xx_hal_msp.o"
#        "C:\Users\wndks\Documents\OUT_Ansung\SYSTEM_MENHOLL_103C8T
#        (2)\EWARM\SYSTEM_MENHOLL_103C8T\Obj\stm32f1xx_hal_pwr.o"
#        "C:\Users\wndks\Documents\OUT_Ansung\SYSTEM_MENHOLL_103C8T
#        (2)\EWARM\SYSTEM_MENHOLL_103C8T\Obj\stm32f1xx_hal_rcc.o"
#        "C:\Users\wndks\Documents\OUT_Ansung\SYSTEM_MENHOLL_103C8T
#        (2)\EWARM\SYSTEM_MENHOLL_103C8T\Obj\stm32f1xx_hal_rcc_ex.o"
#        "C:\Users\wndks\Documents\OUT_Ansung\SYSTEM_MENHOLL_103C8T
#        (2)\EWARM\SYSTEM_MENHOLL_103C8T\Obj\stm32f1xx_hal_spi.o"
#        "C:\Users\wndks\Documents\OUT_Ansung\SYSTEM_MENHOLL_103C8T
#        (2)\EWARM\SYSTEM_MENHOLL_103C8T\Obj\stm32f1xx_hal_tim.o"
#        "C:\Users\wndks\Documents\OUT_Ansung\SYSTEM_MENHOLL_103C8T
#        (2)\EWARM\SYSTEM_MENHOLL_103C8T\Obj\stm32f1xx_hal_tim_ex.o"
#        "C:\Users\wndks\Documents\OUT_Ansung\SYSTEM_MENHOLL_103C8T
#        (2)\EWARM\SYSTEM_MENHOLL_103C8T\Obj\stm32f1xx_hal_uart.o"
#        "C:\Users\wndks\Documents\OUT_Ansung\SYSTEM_MENHOLL_103C8T
#        (2)\EWARM\SYSTEM_MENHOLL_103C8T\Obj\stm32f1xx_it.o"
#        "C:\Users\wndks\Documents\OUT_Ansung\SYSTEM_MENHOLL_103C8T
#        (2)\EWARM\SYSTEM_MENHOLL_103C8T\Obj\sx1276.o"
#        "C:\Users\wndks\Documents\OUT_Ansung\SYSTEM_MENHOLL_103C8T
#        (2)\EWARM\SYSTEM_MENHOLL_103C8T\Obj\system_stm32f1xx.o"
#        "C:\Users\wndks\Documents\OUT_Ansung\SYSTEM_MENHOLL_103C8T
#        (2)\EWARM\SYSTEM_MENHOLL_103C8T\Obj\usart.o" --no_out_extension -o
#        "C:\Users\wndks\Documents\OUT_Ansung\SYSTEM_MENHOLL_103C8T
#        (2)\EWARM\SYSTEM_MENHOLL_103C8T\Exe\SYSTEM_MENHOLL_103C8T.out"
#        --redirect _Printf=_PrintfFullNoMb --redirect _Scanf=_ScanfFullNoMb
#        --map "C:\Users\wndks\Documents\OUT_Ansung\SYSTEM_MENHOLL_103C8T
#        (2)\EWARM\SYSTEM_MENHOLL_103C8T\List\SYSTEM_MENHOLL_103C8T.map"
#        --config "C:\Users\wndks\Documents\OUT_Ansung\SYSTEM_MENHOLL_103C8T
#        (2)\EWARM/stm32f103xb_flash.icf" --semihosting --entry
#        __iar_program_start --vfe --text_out locale)
#
###############################################################################

*******************************************************************************
*** RUNTIME MODEL ATTRIBUTES
***

CppFlavor       = *
__SystemLibrary = DLib
__dlib_version  = 6


*******************************************************************************
*** HEAP SELECTION
***

The basic heap was selected because no calls to memory allocation
functions were found in the application outside of system library
functions, and there are calls to deallocation functions in the
application.


*******************************************************************************
*** PLACEMENT SUMMARY
***

"A0":  place at address 0x800'0000 { ro section .intvec };
"P1":  place in [from 0x800'0000 to 0x801'ffff] { ro };
define block CSTACK with size = 1K, alignment = 8 { };
define block HEAP with size = 512, alignment = 8 { };
"P2":  place in [from 0x2000'0000 to 0x2000'4fff] {
          rw, block CSTACK, block HEAP };
initialize by copy { rw };

  Section            Kind         Address    Size  Object
  -------            ----         -------    ----  ------
"A0":                                        0xec
  .intvec            ro code   0x800'0000    0xec  startup_stm32f103xb.o [1]
                             - 0x800'00ec    0xec

"P1":                                      0x2f9d
  .text              ro code   0x800'00ec   0x660  stm32f1xx_hal_rcc.o [1]
  .text              ro code   0x800'074c     0xc  stm32f1xx_hal.o [1]
  .text              ro code   0x800'0758    0x4c  stm32f1xx_hal.o [1]
  .text              ro code   0x800'07a4    0x86  ABImemcpy.o [4]
  .text              ro code   0x800'082a    0x3a  zero_init3.o [4]
  .text              ro code   0x800'0864   0x154  stm32f1xx_hal_cortex.o [1]
  .text              ro code   0x800'09b8   0x5dc  stm32f1xx_hal_uart.o [1]
  .text              ro code   0x800'0f94    0xca  usart.o [1]
  .rodata            const     0x800'105e     0x2  stm32f1xx_hal_rcc.o [1]
  .text              ro code   0x800'1060   0x120  stm32f1xx_hal_dma.o [1]
  .text              ro code   0x800'1180     0x2  stm32f1xx_hal_uart.o [1]
  .text              ro code   0x800'1182     0x2  stm32f1xx_hal_uart.o [1]
  .text              ro code   0x800'1184     0x2  stm32f1xx_hal_uart.o [1]
  .text              ro code   0x800'1188   0x108  main.o [1]
  .text              ro code   0x800'1290    0x14  memset.o [4]
  .text              ro code   0x800'12a4   0x290  stm32f1xx_hal_gpio.o [1]
  .text              ro code   0x800'1534    0x24  stm32f1xx_hal.o [1]
  .text              ro code   0x800'1558    0xe8  gpio.o [1]
  .text              ro code   0x800'1640    0xcc  spi.o [1]
  .text              ro code   0x800'170c   0x15c  adc.o [1]
  .text              ro code   0x800'1868    0xbc  i2c.o [1]
  .text              ro code   0x800'1924    0x18  gps.o [1]
  .text              ro code   0x800'193c    0x28  stm32f1xx_hal.o [1]
  .text              ro code   0x800'1964   0x4ec  sx1276.o [1]
  .text              ro code   0x800'1e50    0x28  device_staus.o [1]
  .text              ro code   0x800'1e78    0x66  ABImemset.o [4]
  .text              ro code   0x800'1ee0   0x12c  stm32f1xx_hal_rcc_ex.o [1]
  .text              ro code   0x800'200c    0x48  stm32f1xx_hal_msp.o [1]
  .text              ro code   0x800'2054   0x5c4  stm32f1xx_hal_spi.o [1]
  .text              ro code   0x800'2618   0x300  stm32f1xx_hal_adc.o [1]
  .text              ro code   0x800'2918   0x1ec  stm32f1xx_hal_i2c.o [1]
  .text              ro code   0x800'2b04   0x230  I64DivMod.o [4]
  .text              ro code   0x800'2d34     0x2  I64DivZer.o [4]
  .text              ro code   0x800'2d36    0x38  packbits_init_single.o [4]
  .text              ro code   0x800'2d70    0x28  stm32f1xx_it.o [1]
  .text              ro code   0x800'2d98    0x18  stm32f1xx_hal.o [1]
  .text              ro code   0x800'2db0    0x28  data_init.o [4]
  .iar.init_table    const     0x800'2dd8    0x20  - Linker created -
  .text              ro code   0x800'2df8    0x1e  cmain.o [4]
  .text              ro code   0x800'2e16     0x4  low_level_init.o [2]
  .text              ro code   0x800'2e1a     0x4  exit.o [2]
  .text              ro code   0x800'2e20     0xa  cexit.o [4]
  .text              ro code   0x800'2e2c    0x14  exit.o [5]
  .rodata            const     0x800'2e40    0x10  stm32f1xx_hal_rcc.o [1]
  .rodata            const     0x800'2e50    0x10  system_stm32f1xx.o [1]
  .text              ro code   0x800'2e60    0x10  startup_stm32f103xb.o [1]
  .text              ro code   0x800'2e70     0xc  cstartup_M.o [4]
  .rodata            const     0x800'2e7c     0x8  system_stm32f1xx.o [1]
  .text              ro code   0x800'2e84     0x4  startup_stm32f103xb.o [1]
  .text              ro code   0x800'2e88     0x4  startup_stm32f103xb.o [1]
  .text              ro code   0x800'2e8c     0x4  startup_stm32f103xb.o [1]
  .text              ro code   0x800'2e90     0x4  startup_stm32f103xb.o [1]
  .text              ro code   0x800'2e94     0x4  startup_stm32f103xb.o [1]
  .text              ro code   0x800'2e98     0x4  startup_stm32f103xb.o [1]
  .text              ro code   0x800'2e9c     0x4  startup_stm32f103xb.o [1]
  .text              ro code   0x800'2ea0     0x4  startup_stm32f103xb.o [1]
  .text              ro code   0x800'2ea4     0x4  startup_stm32f103xb.o [1]
  .text              ro code   0x800'2ea8     0x4  startup_stm32f103xb.o [1]
  .text              ro code   0x800'2eac     0x4  startup_stm32f103xb.o [1]
  .text              ro code   0x800'2eb0     0x4  startup_stm32f103xb.o [1]
  .text              ro code   0x800'2eb4     0x4  startup_stm32f103xb.o [1]
  .text              ro code   0x800'2eb8     0x4  startup_stm32f103xb.o [1]
  .text              ro code   0x800'2ebc     0x4  startup_stm32f103xb.o [1]
  .text              ro code   0x800'2ec0     0x4  startup_stm32f103xb.o [1]
  .text              ro code   0x800'2ec4     0x4  startup_stm32f103xb.o [1]
  .text              ro code   0x800'2ec8     0x4  startup_stm32f103xb.o [1]
  .text              ro code   0x800'2ecc     0x4  startup_stm32f103xb.o [1]
  .text              ro code   0x800'2ed0     0x4  startup_stm32f103xb.o [1]
  .text              ro code   0x800'2ed4     0x4  startup_stm32f103xb.o [1]
  .text              ro code   0x800'2ed8     0x4  startup_stm32f103xb.o [1]
  .text              ro code   0x800'2edc     0x4  startup_stm32f103xb.o [1]
  .text              ro code   0x800'2ee0     0x4  startup_stm32f103xb.o [1]
  .text              ro code   0x800'2ee4     0x4  startup_stm32f103xb.o [1]
  .text              ro code   0x800'2ee8     0x4  startup_stm32f103xb.o [1]
  .text              ro code   0x800'2eec     0x4  startup_stm32f103xb.o [1]
  .text              ro code   0x800'2ef0     0x4  startup_stm32f103xb.o [1]
  .text              ro code   0x800'2ef4     0x4  startup_stm32f103xb.o [1]
  .text              ro code   0x800'2ef8     0x4  startup_stm32f103xb.o [1]
  .text              ro code   0x800'2efc     0x4  startup_stm32f103xb.o [1]
  .text              ro code   0x800'2f00     0x4  startup_stm32f103xb.o [1]
  .text              ro code   0x800'2f04     0x4  startup_stm32f103xb.o [1]
  .text              ro code   0x800'2f08     0x4  startup_stm32f103xb.o [1]
  .text              ro code   0x800'2f0c     0x4  startup_stm32f103xb.o [1]
  .text              ro code   0x800'2f10     0x4  startup_stm32f103xb.o [1]
  .text              ro code   0x800'2f14     0x4  startup_stm32f103xb.o [1]
  .text              ro code   0x800'2f18     0x4  startup_stm32f103xb.o [1]
  .text              ro code   0x800'2f1c     0x4  startup_stm32f103xb.o [1]
  .text              ro code   0x800'2f20     0x4  startup_stm32f103xb.o [1]
  .text              ro code   0x800'2f24     0x4  startup_stm32f103xb.o [1]
  .text              ro code   0x800'2f28     0x4  startup_stm32f103xb.o [1]
  .text              ro code   0x800'2f2c     0x2  system_stm32f1xx.o [1]
  .rodata            const     0x800'2f2e     0x0  zero_init3.o [4]
  .rodata            const     0x800'2f2e     0x0  packbits_init_single.o [4]
  Initializer bytes  const     0x800'2f2e   0x15b  <for P2-1>
                             - 0x800'3089  0x2f9d

"P2", part 1 of 3:                          0x171
  P2-1                        0x2000'0000   0x171  <Init block>
    .data            inited   0x2000'0000     0x4  stm32f1xx_hal.o [1]
    .data            inited   0x2000'0004   0x168  sx1276.o [1]
    .data            inited   0x2000'016c     0x4  system_stm32f1xx.o [1]
    .data            inited   0x2000'0170     0x1  stm32f1xx_hal.o [1]
                            - 0x2000'0171   0x171

"P2", part 2 of 3:                          0x15c
  .bss               zero     0x2000'0174    0x58  spi.o [1]
  .bss               zero     0x2000'01cc    0x54  i2c.o [1]
  .bss               zero     0x2000'0220    0x44  usart.o [1]
  .bss               zero     0x2000'0264    0x30  adc.o [1]
  .bss               zero     0x2000'0294    0x30  adc.o [1]
  .bss               zero     0x2000'02c4     0x4  device_staus.o [1]
  .bss               zero     0x2000'02c8     0x4  stm32f1xx_hal.o [1]
  .bss               zero     0x2000'02cc     0x1  gps.o [1]
                            - 0x2000'02cd   0x159

"P2", part 3 of 3:                          0x400
  CSTACK                      0x2000'02d0   0x400  <Block>
    CSTACK           uninit   0x2000'02d0   0x400  <Block tail>
                            - 0x2000'06d0   0x400

Unused ranges:

         From           To      Size
         ----           --      ----
   0x800'3089   0x801'ffff  0x1'cf77
  0x2000'0171  0x2000'0173       0x3
  0x2000'06d0  0x2000'4fff    0x4930


*******************************************************************************
*** INIT TABLE
***

          Address      Size
          -------      ----
Zero (__iar_zero_init3)
    1 destination range, total size 0x159:
          0x2000'0174  0x159

Copy/packbits (__iar_packbits_init_single3)
    1 source range, total size 0x15b (94% of destination):
           0x800'2f2e  0x15b
    1 destination range, total size 0x171:
          0x2000'0000  0x171



*******************************************************************************
*** MODULE SUMMARY
***

    Module                  ro code  ro data  rw data
    ------                  -------  -------  -------
command line/config:
    -------------------------------------------------
    Total:

C:\Users\wndks\Documents\OUT_Ansung\SYSTEM_MENHOLL_103C8T (2)\EWARM\SYSTEM_MENHOLL_103C8T\Obj: [1]
    adc.o                       348                96
    device_staus.o               40                 4
    gpio.o                      232
    gps.o                        24                 1
    i2c.o                       188                84
    main.o                      264
    spi.o                       204                88
    startup_stm32f103xb.o       420
    stm32f1xx_hal.o             188        4        9
    stm32f1xx_hal_adc.o         768
    stm32f1xx_hal_cortex.o      340
    stm32f1xx_hal_dma.o         288
    stm32f1xx_hal_gpio.o        656
    stm32f1xx_hal_i2c.o         492
    stm32f1xx_hal_msp.o          72
    stm32f1xx_hal_rcc.o       1'632       18
    stm32f1xx_hal_rcc_ex.o      300
    stm32f1xx_hal_spi.o       1'476
    stm32f1xx_hal_uart.o      1'506
    stm32f1xx_it.o               40
    sx1276.o                  1'260      339      360
    system_stm32f1xx.o            2       28        4
    usart.o                     202                68
    -------------------------------------------------
    Total:                   10'942      389      714

dl7M_tlf.a: [2]
    exit.o                        4
    low_level_init.o              4
    -------------------------------------------------
    Total:                        8

m7M_tl.a: [3]
    -------------------------------------------------
    Total:

rt7M_tl.a: [4]
    ABImemcpy.o                 134
    ABImemset.o                 102
    I64DivMod.o                 560
    I64DivZer.o                   2
    cexit.o                      10
    cmain.o                      30
    cstartup_M.o                 12
    data_init.o                  40
    memset.o                     20
    packbits_init_single.o       56
    zero_init3.o                 58
    -------------------------------------------------
    Total:                    1'024

shb_l.a: [5]
    exit.o                       20
    -------------------------------------------------
    Total:                       20

    Gaps                         10
    Linker created                        32    1'024
-----------------------------------------------------
    Grand Total:             12'004      421    1'738


*******************************************************************************
*** ENTRY LIST
***

Entry                       Address   Size  Type      Object
-----                       -------   ----  ----      ------
.iar.init_table$$Base    0x800'2dd8          --   Gb  - Linker created -
.iar.init_table$$Limit   0x800'2df8          --   Gb  - Linker created -
?main                    0x800'2df9         Code  Gb  cmain.o [4]
ADC_ConversionStop_Disable
                         0x800'28c5   0x52  Code  Gb  stm32f1xx_hal_adc.o [1]
AHBPrescTable            0x800'2e50   0x10  Data  Gb  system_stm32f1xx.o [1]
APBPrescTable            0x800'2e7c    0x8  Data  Gb  system_stm32f1xx.o [1]
BusFault_Handler         0x800'2d77    0x2  Code  Gb  stm32f1xx_it.o [1]
CSTACK$$Base            0x2000'02d0          --   Gb  - Linker created -
CSTACK$$Limit           0x2000'06d0          --   Gb  - Linker created -
DebugMon_Handler         0x800'2d7d    0x2  Code  Gb  stm32f1xx_it.o [1]
Error_Handler            0x800'128d    0x4  Code  Gb  main.o [1]
GPS_Init                 0x800'1925    0xe  Code  Gb  gps.o [1]
HAL_ADC_ConfigChannel    0x800'275d  0x152  Code  Gb  stm32f1xx_hal_adc.o [1]
HAL_ADC_Init             0x800'2619  0x144  Code  Gb  stm32f1xx_hal_adc.o [1]
HAL_ADC_MspInit          0x800'17bd   0x92  Code  Gb  adc.o [1]
HAL_DMA_Abort            0x800'1061   0x4e  Code  Gb  stm32f1xx_hal_dma.o [1]
HAL_DMA_Abort_IT         0x800'10af   0xb4  Code  Gb  stm32f1xx_hal_dma.o [1]
HAL_Delay                0x800'193d   0x28  Code  Wk  stm32f1xx_hal.o [1]
HAL_GPIO_Init            0x800'12a5  0x21e  Code  Gb  stm32f1xx_hal_gpio.o [1]
HAL_GPIO_ReadPin         0x800'14c3   0x16  Code  Gb  stm32f1xx_hal_gpio.o [1]
HAL_GPIO_WritePin        0x800'14d9   0x1a  Code  Gb  stm32f1xx_hal_gpio.o [1]
HAL_GetTick              0x800'074d    0xc  Code  Wk  stm32f1xx_hal.o [1]
HAL_I2C_Init             0x800'2919  0x1d2  Code  Gb  stm32f1xx_hal_i2c.o [1]
HAL_I2C_MspInit          0x800'18a1   0x68  Code  Gb  i2c.o [1]
HAL_IncTick              0x800'2d99   0x18  Code  Wk  stm32f1xx_hal.o [1]
HAL_Init                 0x800'1535   0x20  Code  Gb  stm32f1xx_hal.o [1]
HAL_InitTick             0x800'0759   0x4c  Code  Wk  stm32f1xx_hal.o [1]
HAL_MspInit              0x800'200d   0x48  Code  Gb  stm32f1xx_hal_msp.o [1]
HAL_NVIC_EnableIRQ       0x800'097d    0xe  Code  Gb  stm32f1xx_hal_cortex.o [1]
HAL_NVIC_SetPriority     0x800'0953   0x2a  Code  Gb  stm32f1xx_hal_cortex.o [1]
HAL_NVIC_SetPriorityGrouping
                         0x800'0947    0xc  Code  Gb  stm32f1xx_hal_cortex.o [1]
HAL_RCCEx_PeriphCLKConfig
                         0x800'1ee1  0x118  Code  Gb  stm32f1xx_hal_rcc_ex.o [1]
HAL_RCC_ClockConfig      0x800'04ed  0x14e  Code  Gb  stm32f1xx_hal_rcc.o [1]
HAL_RCC_GetHCLKFreq      0x800'06ab    0x6  Code  Gb  stm32f1xx_hal_rcc.o [1]
HAL_RCC_GetPCLK1Freq     0x800'06b1   0x16  Code  Gb  stm32f1xx_hal_rcc.o [1]
HAL_RCC_GetPCLK2Freq     0x800'06c7   0x16  Code  Gb  stm32f1xx_hal_rcc.o [1]
HAL_RCC_GetSysClockFreq
                         0x800'063b   0x70  Code  Gb  stm32f1xx_hal_rcc.o [1]
HAL_RCC_OscConfig        0x800'00ed  0x400  Code  Gb  stm32f1xx_hal_rcc.o [1]
HAL_SPI_GetState         0x800'250b    0x6  Code  Gb  stm32f1xx_hal_spi.o [1]
HAL_SPI_Init             0x800'2055   0xc4  Code  Gb  stm32f1xx_hal_spi.o [1]
HAL_SPI_MspInit          0x800'1687   0x72  Code  Gb  spi.o [1]
HAL_SPI_Transmit         0x800'2119  0x1b6  Code  Gb  stm32f1xx_hal_spi.o [1]
HAL_SPI_TransmitReceive
                         0x800'22cf  0x23c  Code  Gb  stm32f1xx_hal_spi.o [1]
HAL_SYSTICK_Config       0x800'098b    0xc  Code  Gb  stm32f1xx_hal_cortex.o [1]
HAL_UART_IRQHandler      0x800'0a77  0x242  Code  Gb  stm32f1xx_hal_uart.o [1]
HAL_UART_Init            0x800'09b9   0x76  Code  Gb  stm32f1xx_hal_uart.o [1]
HAL_UART_MspInit         0x800'0fc9   0x7e  Code  Gb  usart.o [1]
HAL_UART_Receive_IT      0x800'0a2f   0x48  Code  Gb  stm32f1xx_hal_uart.o [1]
HAL_UART_RxCpltCallback
                         0x800'105d    0x2  Code  Gb  usart.o [1]
HW_Reset                 0x800'1dff   0x36  Code  Gb  sx1276.o [1]
HardFault_Handler        0x800'2d73    0x2  Code  Gb  stm32f1xx_it.o [1]
MX_ADC1_Init             0x800'170d   0x58  Code  Gb  adc.o [1]
MX_ADC2_Init             0x800'1765   0x58  Code  Gb  adc.o [1]
MX_GPIO_Init             0x800'1559   0xe8  Code  Gb  gpio.o [1]
MX_I2C1_Init             0x800'1869   0x38  Code  Gb  i2c.o [1]
MX_SPI2_Init             0x800'1641   0x46  Code  Gb  spi.o [1]
MX_USART2_UART_Init      0x800'0f95   0x34  Code  Gb  usart.o [1]
MemManage_Handler        0x800'2d75    0x2  Code  Gb  stm32f1xx_it.o [1]
Menholl_Open_Config      0x800'1e51   0x20  Code  Gb  device_staus.o [1]
NMI_Handler              0x800'2d71    0x2  Code  Gb  stm32f1xx_it.o [1]
NVIC_EncodePriority      0x800'08d7   0x40  Code  Lc  stm32f1xx_hal_cortex.o [1]
PendSV_Handler           0x800'2d7f    0x2  Code  Gb  stm32f1xx_it.o [1]
RCC_Delay                0x800'06dd   0x26  Code  Lc  stm32f1xx_hal_rcc.o [1]
Region$$Table$$Base      0x800'2dd8          --   Gb  - Linker created -
Region$$Table$$Limit     0x800'2df8          --   Gb  - Linker created -
SPI_EndRxTxTransaction   0x800'25eb   0x2a  Code  Lc  stm32f1xx_hal_spi.o [1]
SPI_Read                 0x800'1965   0x6c  Code  Gb  sx1276.o [1]
SPI_WaitFlagStateUntilTimeout
                         0x800'2511   0xda  Code  Lc  stm32f1xx_hal_spi.o [1]
SPI_Write                0x800'19d1   0x62  Code  Gb  sx1276.o [1]
SVC_Handler              0x800'2d7b    0x2  Code  Gb  stm32f1xx_it.o [1]
SX1276_BurstWrite        0x800'1a97   0x8e  Code  Gb  sx1276.o [1]
SX1276_Byte_Write        0x800'1a83   0x14  Code  Gb  sx1276.o [1]
SX1276_Init              0x800'1b5d  0x1bc  Code  Gb  sx1276.o [1]
SX1276_RX_Entry          0x800'1d93   0x6c  Code  Gb  sx1276.o [1]
SX1276_Read              0x800'1b25   0x38  Code  Gb  sx1276.o [1]
SX1276_Segment_Write     0x800'1a33   0x50  Code  Gb  sx1276.o [1]
SX1276_TX_Entry          0x800'1d19   0x7a  Code  Gb  sx1276.o [1]
SysTick_Config           0x800'0917   0x30  Code  Lc  stm32f1xx_hal_cortex.o [1]
SysTick_Handler          0x800'2d81    0x8  Code  Gb  stm32f1xx_it.o [1]
SystemClock_Config       0x800'11ef   0x96  Code  Gb  main.o [1]
SystemCoreClock         0x2000'016c    0x4  Data  Gb  system_stm32f1xx.o [1]
SystemInit               0x800'2f2d    0x2  Code  Gb  system_stm32f1xx.o [1]
UART_DMAAbortOnError     0x800'0d35   0x16  Code  Lc  stm32f1xx_hal_uart.o [1]
UART_EndRxTransfer       0x800'0cfd   0x36  Code  Lc  stm32f1xx_hal_uart.o [1]
UART_EndTransmit_IT      0x800'0db3   0x20  Code  Lc  stm32f1xx_hal_uart.o [1]
UART_Receive_IT          0x800'0dd3   0xe2  Code  Lc  stm32f1xx_hal_uart.o [1]
UART_SetConfig           0x800'0eb5   0xd6  Code  Lc  stm32f1xx_hal_uart.o [1]
UART_Start_Receive_IT    0x800'0cb9   0x44  Code  Gb  stm32f1xx_hal_uart.o [1]
UART_Transmit_IT         0x800'0d4d   0x66  Code  Lc  stm32f1xx_hal_uart.o [1]
USART2_IRQHandler        0x800'2d89    0xa  Code  Gb  stm32f1xx_it.o [1]
UsageFault_Handler       0x800'2d79    0x2  Code  Gb  stm32f1xx_it.o [1]
__NVIC_EnableIRQ         0x800'088d   0x1e  Code  Lc  stm32f1xx_hal_cortex.o [1]
__NVIC_GetPriorityGrouping
                         0x800'0883    0xa  Code  Lc  stm32f1xx_hal_cortex.o [1]
__NVIC_SetPriority       0x800'08ab   0x2c  Code  Lc  stm32f1xx_hal_cortex.o [1]
__NVIC_SetPriorityGrouping
                         0x800'0865   0x1e  Code  Lc  stm32f1xx_hal_cortex.o [1]
__aeabi_ldiv0            0x800'2d35         Code  Gb  I64DivZer.o [4]
__aeabi_memcpy4          0x800'07a5         Code  Gb  ABImemcpy.o [4]
__aeabi_memcpy8          0x800'07a5         Code  Gb  ABImemcpy.o [4]
__aeabi_memset           0x800'1e79         Code  Gb  ABImemset.o [4]
__aeabi_uldivmod         0x800'2b05         Code  Gb  I64DivMod.o [4]
__cmain                  0x800'2df9         Code  Gb  cmain.o [4]
__exit                   0x800'2e2d   0x14  Code  Gb  exit.o [5]
__iar_Memset             0x800'1e79         Code  Gb  ABImemset.o [4]
__iar_Memset_word        0x800'1e81         Code  Gb  ABImemset.o [4]
__iar_data_init3         0x800'2db1   0x28  Code  Gb  data_init.o [4]
__iar_packbits_init_single3
                         0x800'2d37   0x38  Code  Gb  packbits_init_single.o [4]
__iar_program_start      0x800'2e71         Code  Gb  cstartup_M.o [4]
__iar_zero_init3         0x800'082b   0x3a  Code  Gb  zero_init3.o [4]
__low_level_init         0x800'2e17    0x4  Code  Gb  low_level_init.o [2]
__vector_table           0x800'0000         Data  Gb  startup_stm32f103xb.o [1]
_call_main               0x800'2e05         Code  Gb  cmain.o [4]
_exit                    0x800'2e21         Code  Gb  cexit.o [4]
_main                    0x800'2e13         Code  Gb  cmain.o [4]
exit                     0x800'2e1b    0x4  Code  Gb  exit.o [2]
hadc1                   0x2000'0264   0x30  Data  Gb  adc.o [1]
hadc2                   0x2000'0294   0x30  Data  Gb  adc.o [1]
hi2c1                   0x2000'01cc   0x54  Data  Gb  i2c.o [1]
hspi2                   0x2000'0174   0x58  Data  Gb  spi.o [1]
huart2                  0x2000'0220   0x44  Data  Gb  usart.o [1]
m_status                0x2000'02c4    0x4  Data  Gb  device_staus.o [1]
m_sx1276                0x2000'0004  0x168  Data  Gb  sx1276.o [1]
main                     0x800'1189   0x66  Code  Gb  main.o [1]
memset                   0x800'1291   0x14  Code  Gb  memset.o [4]
rx_data                 0x2000'02cc    0x1  Data  Gb  gps.o [1]
uwTick                  0x2000'02c8    0x4  Data  Gb  stm32f1xx_hal.o [1]
uwTickFreq              0x2000'0170    0x1  Data  Gb  stm32f1xx_hal.o [1]
uwTickPrio              0x2000'0000    0x4  Data  Gb  stm32f1xx_hal.o [1]


[1] = C:\Users\wndks\Documents\OUT_Ansung\SYSTEM_MENHOLL_103C8T (2)\EWARM\SYSTEM_MENHOLL_103C8T\Obj
[2] = dl7M_tlf.a
[3] = m7M_tl.a
[4] = rt7M_tl.a
[5] = shb_l.a

  12'004 bytes of readonly  code memory
     421 bytes of readonly  data memory
   1'738 bytes of readwrite data memory

Errors: none
Warnings: none
